<!DOCTYPE html>
<html lang="en">
  <head>
    <title>Test Article</title>
  </head>
  <body>
    <nav>
      <button>Home</button>
      <button>About</button>
    </nav>
    <main>
      <div>Test Article Body</div>
    </main>
  </body>
</html>
