<!DOCTYPE html>
<html lang="en">
  <head>
    <title>Test Page</title>
  </head>
  <body>
    <script src="/components/javascript.js"></script>
    <nav>
      <button>Home</button>
      <button>About</button>
    </nav>
    <script type="module" src="/components/javascript-module.mjs"></script>
    <nav>
      <button>Home</button>
      <button>About</button>
    </nav>
    <script src="/components/typescript.js"></script>
    <nav>
      <button>Home</button>
      <button>About</button>
    </nav>
    <script type="module" src="/components/typescript-module.mjs"></script>
    <nav>
      <button>Home</button>
      <button>About</button>
    </nav>
    <main>
      <div>Test Page Body</div>
    </main>
  </body>
</html>
